mode: set
github.com/manciniraka/urbioxe/internal/service/auth_service.go:32.15,38.2 1 0
github.com/manciniraka/urbioxe/internal/service/auth_service.go:54.75,56.39 2 0
github.com/manciniraka/urbioxe/internal/service/auth_service.go:56.39,58.3 1 0
github.com/manciniraka/urbioxe/internal/service/auth_service.go:59.2,59.59 1 0
github.com/manciniraka/urbioxe/internal/service/auth_service.go:59.59,61.3 1 0
github.com/manciniraka/urbioxe/internal/service/auth_service.go:63.2,64.39 2 0
github.com/manciniraka/urbioxe/internal/service/auth_service.go:64.39,66.3 1 0
github.com/manciniraka/urbioxe/internal/service/auth_service.go:67.2,67.59 1 0
github.com/manciniraka/urbioxe/internal/service/auth_service.go:67.59,69.3 1 0
github.com/manciniraka/urbioxe/internal/service/auth_service.go:71.2,72.16 2 0
github.com/manciniraka/urbioxe/internal/service/auth_service.go:72.16,74.3 1 0
github.com/manciniraka/urbioxe/internal/service/auth_service.go:76.2,87.16 3 0
github.com/manciniraka/urbioxe/internal/service/auth_service.go:87.16,89.3 1 0
github.com/manciniraka/urbioxe/internal/service/auth_service.go:91.2,94.16 1 0
github.com/manciniraka/urbioxe/internal/service/auth_service.go:94.16,101.3 1 0
github.com/manciniraka/urbioxe/internal/service/auth_service.go:103.2,105.19 2 0
github.com/manciniraka/urbioxe/internal/service/auth_service.go:109.63,113.16 2 0
github.com/manciniraka/urbioxe/internal/service/auth_service.go:113.16,115.3 1 0
github.com/manciniraka/urbioxe/internal/service/auth_service.go:117.2,121.16 2 0
github.com/manciniraka/urbioxe/internal/service/auth_service.go:121.16,123.3 1 0
github.com/manciniraka/urbioxe/internal/service/auth_service.go:125.2,130.16 2 0
github.com/manciniraka/urbioxe/internal/service/auth_service.go:130.16,132.3 1 0
github.com/manciniraka/urbioxe/internal/service/auth_service.go:134.2,134.19 1 0
github.com/manciniraka/urbioxe/internal/service/category_service.go:24.77,28.2 1 0
github.com/manciniraka/urbioxe/internal/service/category_service.go:46.91,48.2 1 0
github.com/manciniraka/urbioxe/internal/service/category_service.go:50.79,52.16 2 0
github.com/manciniraka/urbioxe/internal/service/category_service.go:52.16,53.45 1 0
github.com/manciniraka/urbioxe/internal/service/category_service.go:53.45,55.4 1 0
github.com/manciniraka/urbioxe/internal/service/category_service.go:56.3,56.18 1 0
github.com/manciniraka/urbioxe/internal/service/category_service.go:58.2,58.22 1 0
github.com/manciniraka/urbioxe/internal/service/category_service.go:61.109,62.57 1 0
github.com/manciniraka/urbioxe/internal/service/category_service.go:62.57,64.3 1 0
github.com/manciniraka/urbioxe/internal/service/category_service.go:66.2,66.29 1 0
github.com/manciniraka/urbioxe/internal/service/category_service.go:66.29,68.3 1 0
github.com/manciniraka/urbioxe/internal/service/category_service.go:69.2,69.22 1 0
github.com/manciniraka/urbioxe/internal/service/category_service.go:69.22,71.3 1 0
github.com/manciniraka/urbioxe/internal/service/category_service.go:73.2,74.16 2 0
github.com/manciniraka/urbioxe/internal/service/category_service.go:74.16,76.3 1 0
github.com/manciniraka/urbioxe/internal/service/category_service.go:77.2,77.12 1 0
github.com/manciniraka/urbioxe/internal/service/category_service.go:77.12,79.3 1 0
github.com/manciniraka/urbioxe/internal/service/category_service.go:81.2,89.16 3 0
github.com/manciniraka/urbioxe/internal/service/category_service.go:89.16,91.3 1 0
github.com/manciniraka/urbioxe/internal/service/category_service.go:93.2,93.23 1 0
github.com/manciniraka/urbioxe/internal/service/category_service.go:96.118,97.57 1 0
github.com/manciniraka/urbioxe/internal/service/category_service.go:97.57,99.3 1 0
github.com/manciniraka/urbioxe/internal/service/category_service.go:101.2,102.16 2 0
github.com/manciniraka/urbioxe/internal/service/category_service.go:102.16,103.45 1 0
github.com/manciniraka/urbioxe/internal/service/category_service.go:103.45,105.4 1 0
github.com/manciniraka/urbioxe/internal/service/category_service.go:106.3,106.18 1 0
github.com/manciniraka/urbioxe/internal/service/category_service.go:109.2,109.29 1 0
github.com/manciniraka/urbioxe/internal/service/category_service.go:109.29,111.3 1 0
github.com/manciniraka/urbioxe/internal/service/category_service.go:112.2,112.22 1 0
github.com/manciniraka/urbioxe/internal/service/category_service.go:112.22,114.3 1 0
github.com/manciniraka/urbioxe/internal/service/category_service.go:116.2,117.16 2 0
github.com/manciniraka/urbioxe/internal/service/category_service.go:117.16,119.3 1 0
github.com/manciniraka/urbioxe/internal/service/category_service.go:120.2,120.12 1 0
github.com/manciniraka/urbioxe/internal/service/category_service.go:120.12,122.3 1 0
github.com/manciniraka/urbioxe/internal/service/category_service.go:124.2,129.16 5 0
github.com/manciniraka/urbioxe/internal/service/category_service.go:129.16,131.3 1 0
github.com/manciniraka/urbioxe/internal/service/category_service.go:133.2,133.22 1 0
github.com/manciniraka/urbioxe/internal/service/category_service.go:136.110,137.57 1 0
github.com/manciniraka/urbioxe/internal/service/category_service.go:137.57,139.3 1 0
github.com/manciniraka/urbioxe/internal/service/category_service.go:141.2,142.16 2 0
github.com/manciniraka/urbioxe/internal/service/category_service.go:142.16,143.45 1 0
github.com/manciniraka/urbioxe/internal/service/category_service.go:143.45,145.4 1 0
github.com/manciniraka/urbioxe/internal/service/category_service.go:146.3,146.13 1 0
github.com/manciniraka/urbioxe/internal/service/category_service.go:149.2,149.49 1 0
github.com/manciniraka/urbioxe/internal/service/department_service.go:34.83,38.2 1 0
github.com/manciniraka/urbioxe/internal/service/department_service.go:40.96,42.2 1 0
github.com/manciniraka/urbioxe/internal/service/department_service.go:44.85,46.16 2 0
github.com/manciniraka/urbioxe/internal/service/department_service.go:46.16,47.45 1 0
github.com/manciniraka/urbioxe/internal/service/department_service.go:47.45,49.4 1 0
github.com/manciniraka/urbioxe/internal/service/department_service.go:50.3,50.18 1 0
github.com/manciniraka/urbioxe/internal/service/department_service.go:52.2,52.18 1 0
github.com/manciniraka/urbioxe/internal/service/department_service.go:55.111,56.27 1 0
github.com/manciniraka/urbioxe/internal/service/department_service.go:56.27,58.3 1 0
github.com/manciniraka/urbioxe/internal/service/department_service.go:60.2,60.22 1 0
github.com/manciniraka/urbioxe/internal/service/department_service.go:60.22,62.3 1 0
github.com/manciniraka/urbioxe/internal/service/department_service.go:63.2,63.22 1 0
github.com/manciniraka/urbioxe/internal/service/department_service.go:63.22,65.3 1 0
github.com/manciniraka/urbioxe/internal/service/department_service.go:67.2,68.16 2 0
github.com/manciniraka/urbioxe/internal/service/department_service.go:68.16,70.3 1 0
github.com/manciniraka/urbioxe/internal/service/department_service.go:71.2,71.12 1 0
github.com/manciniraka/urbioxe/internal/service/department_service.go:71.12,73.3 1 0
github.com/manciniraka/urbioxe/internal/service/department_service.go:75.2,83.16 3 0
github.com/manciniraka/urbioxe/internal/service/department_service.go:83.16,85.3 1 0
github.com/manciniraka/urbioxe/internal/service/department_service.go:87.2,87.19 1 0
github.com/manciniraka/urbioxe/internal/service/department_service.go:90.120,91.27 1 0
github.com/manciniraka/urbioxe/internal/service/department_service.go:91.27,93.3 1 0
github.com/manciniraka/urbioxe/internal/service/department_service.go:95.2,96.16 2 0
github.com/manciniraka/urbioxe/internal/service/department_service.go:96.16,97.45 1 0
github.com/manciniraka/urbioxe/internal/service/department_service.go:97.45,99.4 1 0
github.com/manciniraka/urbioxe/internal/service/department_service.go:100.3,100.18 1 0
github.com/manciniraka/urbioxe/internal/service/department_service.go:103.2,103.22 1 0
github.com/manciniraka/urbioxe/internal/service/department_service.go:103.22,105.3 1 0
github.com/manciniraka/urbioxe/internal/service/department_service.go:106.2,106.22 1 0
github.com/manciniraka/urbioxe/internal/service/department_service.go:106.22,108.3 1 0
github.com/manciniraka/urbioxe/internal/service/department_service.go:110.2,111.16 2 0
github.com/manciniraka/urbioxe/internal/service/department_service.go:111.16,113.3 1 0
github.com/manciniraka/urbioxe/internal/service/department_service.go:114.2,114.12 1 0
github.com/manciniraka/urbioxe/internal/service/department_service.go:114.12,116.3 1 0
github.com/manciniraka/urbioxe/internal/service/department_service.go:118.2,123.16 5 0
github.com/manciniraka/urbioxe/internal/service/department_service.go:123.16,125.3 1 0
github.com/manciniraka/urbioxe/internal/service/department_service.go:127.2,127.18 1 0
github.com/manciniraka/urbioxe/internal/service/department_service.go:130.116,131.27 1 0
github.com/manciniraka/urbioxe/internal/service/department_service.go:131.27,133.3 1 0
github.com/manciniraka/urbioxe/internal/service/department_service.go:135.2,136.16 2 0
github.com/manciniraka/urbioxe/internal/service/department_service.go:136.16,137.45 1 0
github.com/manciniraka/urbioxe/internal/service/department_service.go:137.45,139.4 1 0
github.com/manciniraka/urbioxe/internal/service/department_service.go:140.3,140.13 1 0
github.com/manciniraka/urbioxe/internal/service/department_service.go:143.2,143.49 1 0
github.com/manciniraka/urbioxe/internal/service/district_service.go:24.19,29.2 1 0
github.com/manciniraka/urbioxe/internal/service/district_service.go:39.72,41.2 1 0
github.com/manciniraka/urbioxe/internal/service/district_service.go:43.79,45.2 1 0
github.com/manciniraka/urbioxe/internal/service/district_service.go:47.96,52.35 2 0
github.com/manciniraka/urbioxe/internal/service/district_service.go:52.35,54.3 1 0
github.com/manciniraka/urbioxe/internal/service/district_service.go:56.2,57.45 1 0
github.com/manciniraka/urbioxe/internal/service/district_service.go:57.45,59.3 1 0
github.com/manciniraka/urbioxe/internal/service/district_service.go:61.2,67.16 2 0
github.com/manciniraka/urbioxe/internal/service/district_service.go:67.16,69.3 1 0
github.com/manciniraka/urbioxe/internal/service/district_service.go:71.2,71.23 1 0
github.com/manciniraka/urbioxe/internal/service/district_service.go:74.105,76.16 2 0
github.com/manciniraka/urbioxe/internal/service/district_service.go:76.16,78.3 1 0
github.com/manciniraka/urbioxe/internal/service/district_service.go:80.2,82.57 2 0
github.com/manciniraka/urbioxe/internal/service/district_service.go:82.57,84.3 1 0
github.com/manciniraka/urbioxe/internal/service/district_service.go:86.2,86.22 1 0
github.com/manciniraka/urbioxe/internal/service/emergency_service.go:25.20,29.2 1 0
github.com/manciniraka/urbioxe/internal/service/emergency_service.go:51.72,53.2 1 0
github.com/manciniraka/urbioxe/internal/service/emergency_service.go:55.79,57.16 2 0
github.com/manciniraka/urbioxe/internal/service/emergency_service.go:57.16,58.45 1 0
github.com/manciniraka/urbioxe/internal/service/emergency_service.go:58.45,60.4 1 0
github.com/manciniraka/urbioxe/internal/service/emergency_service.go:61.3,61.18 1 0
github.com/manciniraka/urbioxe/internal/service/emergency_service.go:64.2,64.23 1 0
github.com/manciniraka/urbioxe/internal/service/emergency_service.go:69.37,81.59 2 0
github.com/manciniraka/urbioxe/internal/service/emergency_service.go:81.59,83.3 1 0
github.com/manciniraka/urbioxe/internal/service/emergency_service.go:85.2,85.24 1 0
github.com/manciniraka/urbioxe/internal/service/emergency_service.go:91.37,94.16 2 0
github.com/manciniraka/urbioxe/internal/service/emergency_service.go:94.16,95.45 1 0
github.com/manciniraka/urbioxe/internal/service/emergency_service.go:95.45,97.4 1 0
github.com/manciniraka/urbioxe/internal/service/emergency_service.go:98.3,98.18 1 0
github.com/manciniraka/urbioxe/internal/service/emergency_service.go:101.2,109.58 8 0
github.com/manciniraka/urbioxe/internal/service/emergency_service.go:109.58,111.3 1 0
github.com/manciniraka/urbioxe/internal/service/emergency_service.go:113.2,113.23 1 0
github.com/manciniraka/urbioxe/internal/service/news_service.go:52.15,56.2 1 0
github.com/manciniraka/urbioxe/internal/service/news_service.go:58.63,60.2 1 0
github.com/manciniraka/urbioxe/internal/service/news_service.go:64.33,66.2 1 0
github.com/manciniraka/urbioxe/internal/service/news_service.go:71.33,93.17 2 0
github.com/manciniraka/urbioxe/internal/service/news_service.go:93.17,95.3 1 0
github.com/manciniraka/urbioxe/internal/service/news_service.go:97.2,97.54 1 0
github.com/manciniraka/urbioxe/internal/service/news_service.go:97.54,99.3 1 0
github.com/manciniraka/urbioxe/internal/service/news_service.go:101.2,101.18 1 0
github.com/manciniraka/urbioxe/internal/service/news_service.go:107.33,109.16 2 0
github.com/manciniraka/urbioxe/internal/service/news_service.go:109.16,111.3 1 0
github.com/manciniraka/urbioxe/internal/service/news_service.go:113.2,122.54 9 0
github.com/manciniraka/urbioxe/internal/service/news_service.go:122.54,124.3 1 0
github.com/manciniraka/urbioxe/internal/service/news_service.go:126.2,126.18 1 0
github.com/manciniraka/urbioxe/internal/service/news_service.go:131.9,133.16 2 0
github.com/manciniraka/urbioxe/internal/service/news_service.go:133.16,135.3 1 0
github.com/manciniraka/urbioxe/internal/service/news_service.go:136.2,136.36 1 0
github.com/manciniraka/urbioxe/internal/service/report_service.go:46.17,53.2 1 1
github.com/manciniraka/urbioxe/internal/service/report_service.go:122.57,124.19 2 1
github.com/manciniraka/urbioxe/internal/service/report_service.go:124.19,130.3 1 1
github.com/manciniraka/urbioxe/internal/service/report_service.go:132.2,144.3 1 1
github.com/manciniraka/urbioxe/internal/service/report_service.go:147.68,152.2 4 1
github.com/manciniraka/urbioxe/internal/service/report_service.go:155.99,156.68 1 1
github.com/manciniraka/urbioxe/internal/service/report_service.go:156.68,157.87 1 1
github.com/manciniraka/urbioxe/internal/service/report_service.go:157.87,166.18 2 1
github.com/manciniraka/urbioxe/internal/service/report_service.go:166.18,174.5 1 0
github.com/manciniraka/urbioxe/internal/service/report_service.go:186.122,189.35 2 1
github.com/manciniraka/urbioxe/internal/service/report_service.go:189.35,191.17 2 1
github.com/manciniraka/urbioxe/internal/service/report_service.go:191.17,193.4 1 1
github.com/manciniraka/urbioxe/internal/service/report_service.go:195.3,198.5 1 1
github.com/manciniraka/urbioxe/internal/service/report_service.go:201.2,216.16 7 1
github.com/manciniraka/urbioxe/internal/service/report_service.go:216.16,218.3 1 0
github.com/manciniraka/urbioxe/internal/service/report_service.go:220.2,223.33 3 1
github.com/manciniraka/urbioxe/internal/service/report_service.go:223.33,225.3 1 1
github.com/manciniraka/urbioxe/internal/service/report_service.go:227.2,227.61 1 1
github.com/manciniraka/urbioxe/internal/service/report_service.go:227.61,228.86 1 1
github.com/manciniraka/urbioxe/internal/service/report_service.go:228.86,238.22 2 1
github.com/manciniraka/urbioxe/internal/service/report_service.go:238.22,245.5 1 0
github.com/manciniraka/urbioxe/internal/service/report_service.go:255.8,262.3 1 0
github.com/manciniraka/urbioxe/internal/service/report_service.go:264.2,264.44 1 1
github.com/manciniraka/urbioxe/internal/service/report_service.go:267.92,268.21 1 1
github.com/manciniraka/urbioxe/internal/service/report_service.go:268.21,270.3 1 0
github.com/manciniraka/urbioxe/internal/service/report_service.go:271.2,271.22 1 1
github.com/manciniraka/urbioxe/internal/service/report_service.go:271.22,273.3 1 0
github.com/manciniraka/urbioxe/internal/service/report_service.go:275.2,287.16 4 1
github.com/manciniraka/urbioxe/internal/service/report_service.go:287.16,289.3 1 0
github.com/manciniraka/urbioxe/internal/service/report_service.go:291.2,292.37 2 1
github.com/manciniraka/urbioxe/internal/service/report_service.go:292.37,294.3 1 1
github.com/manciniraka/urbioxe/internal/service/report_service.go:296.2,302.8 1 1
github.com/manciniraka/urbioxe/internal/service/report_service.go:305.106,307.16 2 1
github.com/manciniraka/urbioxe/internal/service/report_service.go:307.16,308.45 1 1
github.com/manciniraka/urbioxe/internal/service/report_service.go:308.45,310.4 1 0
github.com/manciniraka/urbioxe/internal/service/report_service.go:311.3,311.18 1 1
github.com/manciniraka/urbioxe/internal/service/report_service.go:314.2,314.50 1 1
github.com/manciniraka/urbioxe/internal/service/report_service.go:314.50,316.3 1 0
github.com/manciniraka/urbioxe/internal/service/report_service.go:318.2,318.38 1 1
github.com/manciniraka/urbioxe/internal/service/report_service.go:321.117,323.16 2 1
github.com/manciniraka/urbioxe/internal/service/report_service.go:323.16,324.45 1 0
github.com/manciniraka/urbioxe/internal/service/report_service.go:324.45,326.4 1 0
github.com/manciniraka/urbioxe/internal/service/report_service.go:327.3,327.18 1 0
github.com/manciniraka/urbioxe/internal/service/report_service.go:330.2,330.37 1 1
github.com/manciniraka/urbioxe/internal/service/report_service.go:330.37,332.3 1 1
github.com/manciniraka/urbioxe/internal/service/report_service.go:334.2,334.51 1 1
github.com/manciniraka/urbioxe/internal/service/report_service.go:334.51,336.3 1 1
github.com/manciniraka/urbioxe/internal/service/report_service.go:338.2,338.23 1 1
github.com/manciniraka/urbioxe/internal/service/report_service.go:338.23,340.3 1 1
github.com/manciniraka/urbioxe/internal/service/report_service.go:341.2,341.29 1 1
github.com/manciniraka/urbioxe/internal/service/report_service.go:341.29,343.3 1 0
github.com/manciniraka/urbioxe/internal/service/report_service.go:344.2,344.33 1 1
github.com/manciniraka/urbioxe/internal/service/report_service.go:344.33,346.3 1 1
github.com/manciniraka/urbioxe/internal/service/report_service.go:347.2,347.27 1 1
github.com/manciniraka/urbioxe/internal/service/report_service.go:347.27,349.3 1 0
github.com/manciniraka/urbioxe/internal/service/report_service.go:350.2,350.35 1 1
github.com/manciniraka/urbioxe/internal/service/report_service.go:350.35,352.3 1 0
github.com/manciniraka/urbioxe/internal/service/report_service.go:353.2,353.27 1 1
github.com/manciniraka/urbioxe/internal/service/report_service.go:353.27,355.3 1 0
github.com/manciniraka/urbioxe/internal/service/report_service.go:356.2,356.28 1 1
github.com/manciniraka/urbioxe/internal/service/report_service.go:356.28,358.3 1 0
github.com/manciniraka/urbioxe/internal/service/report_service.go:360.2,361.16 2 1
github.com/manciniraka/urbioxe/internal/service/report_service.go:361.16,363.3 1 0
github.com/manciniraka/urbioxe/internal/service/report_service.go:365.2,365.46 1 1
github.com/manciniraka/urbioxe/internal/service/report_service.go:368.116,369.57 1 1
github.com/manciniraka/urbioxe/internal/service/report_service.go:369.57,371.3 1 1
github.com/manciniraka/urbioxe/internal/service/report_service.go:373.2,373.24 1 1
github.com/manciniraka/urbioxe/internal/service/report_service.go:373.24,375.3 1 1
github.com/manciniraka/urbioxe/internal/service/report_service.go:377.2,378.16 2 1
github.com/manciniraka/urbioxe/internal/service/report_service.go:378.16,379.45 1 0
github.com/manciniraka/urbioxe/internal/service/report_service.go:379.45,381.4 1 0
github.com/manciniraka/urbioxe/internal/service/report_service.go:382.3,382.13 1 0
github.com/manciniraka/urbioxe/internal/service/report_service.go:385.2,385.77 1 1
github.com/manciniraka/urbioxe/internal/service/report_service.go:385.77,387.3 1 0
github.com/manciniraka/urbioxe/internal/service/report_service.go:389.2,389.46 1 1
github.com/manciniraka/urbioxe/internal/service/report_service.go:389.46,391.3 1 0
github.com/manciniraka/urbioxe/internal/service/report_service.go:393.2,393.86 1 1
github.com/manciniraka/urbioxe/internal/service/report_service.go:393.86,395.3 1 0
github.com/manciniraka/urbioxe/internal/service/report_service.go:397.2,398.17 2 1
github.com/manciniraka/urbioxe/internal/service/report_service.go:398.17,400.3 1 0
github.com/manciniraka/urbioxe/internal/service/report_service.go:402.2,403.16 2 1
github.com/manciniraka/urbioxe/internal/service/report_service.go:403.16,405.3 1 0
github.com/manciniraka/urbioxe/internal/service/report_service.go:407.2,409.12 2 1
github.com/manciniraka/urbioxe/internal/service/report_service.go:412.106,413.48 1 1
github.com/manciniraka/urbioxe/internal/service/report_service.go:413.48,415.3 1 0
github.com/manciniraka/urbioxe/internal/service/report_service.go:417.2,418.16 2 1
github.com/manciniraka/urbioxe/internal/service/report_service.go:418.16,419.45 1 0
github.com/manciniraka/urbioxe/internal/service/report_service.go:419.45,421.4 1 0
github.com/manciniraka/urbioxe/internal/service/report_service.go:422.3,422.13 1 0
github.com/manciniraka/urbioxe/internal/service/report_service.go:425.2,426.16 2 1
github.com/manciniraka/urbioxe/internal/service/report_service.go:426.16,428.3 1 0
github.com/manciniraka/urbioxe/internal/service/report_service.go:430.2,430.23 1 1
github.com/manciniraka/urbioxe/internal/service/report_service.go:430.23,431.36 1 1
github.com/manciniraka/urbioxe/internal/service/report_service.go:431.36,433.4 1 0
github.com/manciniraka/urbioxe/internal/service/report_service.go:435.3,435.42 1 1
github.com/manciniraka/urbioxe/internal/service/report_service.go:435.42,437.4 1 1
github.com/manciniraka/urbioxe/internal/service/report_service.go:440.2,440.44 1 1
github.com/manciniraka/urbioxe/internal/service/report_service.go:440.44,441.47 1 0
github.com/manciniraka/urbioxe/internal/service/report_service.go:441.47,443.4 1 0
github.com/manciniraka/urbioxe/internal/service/report_service.go:444.3,444.35 1 0
github.com/manciniraka/urbioxe/internal/service/report_service.go:447.2,447.17 1 1
github.com/manciniraka/urbioxe/internal/service/report_service.go:447.17,449.3 1 0
github.com/manciniraka/urbioxe/internal/service/report_service.go:451.2,458.16 2 1
github.com/manciniraka/urbioxe/internal/service/report_service.go:458.16,460.3 1 0
github.com/manciniraka/urbioxe/internal/service/report_service.go:462.2,464.12 2 1
github.com/manciniraka/urbioxe/internal/service/report_service.go:467.139,468.48 1 1
github.com/manciniraka/urbioxe/internal/service/report_service.go:468.48,470.3 1 0
github.com/manciniraka/urbioxe/internal/service/report_service.go:472.2,472.21 1 1
github.com/manciniraka/urbioxe/internal/service/report_service.go:472.21,474.3 1 1
github.com/manciniraka/urbioxe/internal/service/report_service.go:476.2,477.16 2 1
github.com/manciniraka/urbioxe/internal/service/report_service.go:477.16,478.45 1 0
github.com/manciniraka/urbioxe/internal/service/report_service.go:478.45,480.4 1 0
github.com/manciniraka/urbioxe/internal/service/report_service.go:481.3,481.13 1 0
github.com/manciniraka/urbioxe/internal/service/report_service.go:484.2,485.16 2 1
github.com/manciniraka/urbioxe/internal/service/report_service.go:485.16,487.3 1 0
github.com/manciniraka/urbioxe/internal/service/report_service.go:489.2,489.23 1 1
github.com/manciniraka/urbioxe/internal/service/report_service.go:489.23,490.36 1 1
github.com/manciniraka/urbioxe/internal/service/report_service.go:490.36,492.4 1 0
github.com/manciniraka/urbioxe/internal/service/report_service.go:494.3,494.42 1 1
github.com/manciniraka/urbioxe/internal/service/report_service.go:494.42,496.4 1 0
github.com/manciniraka/urbioxe/internal/service/report_service.go:499.2,499.46 1 1
github.com/manciniraka/urbioxe/internal/service/report_service.go:499.46,501.3 1 0
github.com/manciniraka/urbioxe/internal/service/report_service.go:503.2,504.35 2 1
github.com/manciniraka/urbioxe/internal/service/report_service.go:504.35,506.17 2 1
github.com/manciniraka/urbioxe/internal/service/report_service.go:506.17,508.4 1 0
github.com/manciniraka/urbioxe/internal/service/report_service.go:510.3,513.5 1 1
github.com/manciniraka/urbioxe/internal/service/report_service.go:516.2,516.17 1 1
github.com/manciniraka/urbioxe/internal/service/report_service.go:516.17,518.3 1 0
github.com/manciniraka/urbioxe/internal/service/report_service.go:520.2,521.16 2 1
github.com/manciniraka/urbioxe/internal/service/report_service.go:521.16,523.3 1 0
github.com/manciniraka/urbioxe/internal/service/report_service.go:525.2,526.12 2 1
github.com/manciniraka/urbioxe/internal/service/report_service.go:529.122,530.57 1 1
github.com/manciniraka/urbioxe/internal/service/report_service.go:530.57,532.3 1 1
github.com/manciniraka/urbioxe/internal/service/report_service.go:534.2,534.23 1 1
github.com/manciniraka/urbioxe/internal/service/report_service.go:534.23,536.3 1 0
github.com/manciniraka/urbioxe/internal/service/report_service.go:538.2,539.16 2 1
github.com/manciniraka/urbioxe/internal/service/report_service.go:539.16,540.45 1 0
github.com/manciniraka/urbioxe/internal/service/report_service.go:540.45,542.4 1 0
github.com/manciniraka/urbioxe/internal/service/report_service.go:543.3,543.13 1 0
github.com/manciniraka/urbioxe/internal/service/report_service.go:546.2,546.46 1 1
github.com/manciniraka/urbioxe/internal/service/report_service.go:546.46,548.3 1 0
github.com/manciniraka/urbioxe/internal/service/report_service.go:549.2,549.44 1 1
github.com/manciniraka/urbioxe/internal/service/report_service.go:549.44,551.3 1 0
github.com/manciniraka/urbioxe/internal/service/report_service.go:552.2,552.44 1 1
github.com/manciniraka/urbioxe/internal/service/report_service.go:552.44,554.3 1 0
github.com/manciniraka/urbioxe/internal/service/report_service.go:556.2,564.16 2 1
github.com/manciniraka/urbioxe/internal/service/report_service.go:564.16,566.3 1 0
github.com/manciniraka/urbioxe/internal/service/report_service.go:568.2,569.12 2 1
github.com/manciniraka/urbioxe/internal/service/report_service.go:572.122,573.57 1 1
github.com/manciniraka/urbioxe/internal/service/report_service.go:573.57,575.3 1 1
github.com/manciniraka/urbioxe/internal/service/report_service.go:577.2,578.16 2 1
github.com/manciniraka/urbioxe/internal/service/report_service.go:578.16,579.45 1 0
github.com/manciniraka/urbioxe/internal/service/report_service.go:579.45,581.4 1 0
github.com/manciniraka/urbioxe/internal/service/report_service.go:582.3,582.13 1 0
github.com/manciniraka/urbioxe/internal/service/report_service.go:585.2,585.43 1 1
github.com/manciniraka/urbioxe/internal/service/report_service.go:585.43,587.3 1 1
github.com/manciniraka/urbioxe/internal/service/report_service.go:589.2,590.17 2 1
github.com/manciniraka/urbioxe/internal/service/report_service.go:590.17,592.3 1 0
github.com/manciniraka/urbioxe/internal/service/report_service.go:594.2,595.16 2 1
github.com/manciniraka/urbioxe/internal/service/report_service.go:595.16,597.3 1 0
github.com/manciniraka/urbioxe/internal/service/report_service.go:599.2,601.12 2 1
github.com/manciniraka/urbioxe/internal/service/report_service.go:604.120,605.57 1 1
github.com/manciniraka/urbioxe/internal/service/report_service.go:605.57,607.3 1 1
github.com/manciniraka/urbioxe/internal/service/report_service.go:609.2,609.26 1 1
github.com/manciniraka/urbioxe/internal/service/report_service.go:609.26,611.3 1 0
github.com/manciniraka/urbioxe/internal/service/report_service.go:613.2,614.16 2 1
github.com/manciniraka/urbioxe/internal/service/report_service.go:614.16,615.45 1 0
github.com/manciniraka/urbioxe/internal/service/report_service.go:615.45,617.4 1 0
github.com/manciniraka/urbioxe/internal/service/report_service.go:618.3,618.13 1 0
github.com/manciniraka/urbioxe/internal/service/report_service.go:621.2,626.12 4 1
github.com/manciniraka/urbioxe/internal/service/report_service.go:629.120,630.57 1 1
github.com/manciniraka/urbioxe/internal/service/report_service.go:630.57,632.3 1 0
github.com/manciniraka/urbioxe/internal/service/report_service.go:634.2,634.27 1 1
github.com/manciniraka/urbioxe/internal/service/report_service.go:634.27,636.3 1 1
github.com/manciniraka/urbioxe/internal/service/report_service.go:638.2,639.16 2 1
github.com/manciniraka/urbioxe/internal/service/report_service.go:639.16,640.45 1 0
github.com/manciniraka/urbioxe/internal/service/report_service.go:640.45,642.4 1 0
github.com/manciniraka/urbioxe/internal/service/report_service.go:643.3,643.13 1 0
github.com/manciniraka/urbioxe/internal/service/report_service.go:646.2,646.35 1 1
github.com/manciniraka/urbioxe/internal/service/report_service.go:646.35,648.3 1 1
github.com/manciniraka/urbioxe/internal/service/report_service.go:650.2,651.36 2 1
github.com/manciniraka/urbioxe/internal/service/report_service.go:651.36,653.3 1 0
github.com/manciniraka/urbioxe/internal/service/report_service.go:655.2,658.16 3 1
github.com/manciniraka/urbioxe/internal/service/report_service.go:658.16,660.3 1 0
github.com/manciniraka/urbioxe/internal/service/report_service.go:662.2,665.12 3 1
github.com/manciniraka/urbioxe/internal/service/staff_service.go:37.16,44.2 1 0
github.com/manciniraka/urbioxe/internal/service/staff_service.go:88.91,91.24 2 0
github.com/manciniraka/urbioxe/internal/service/staff_service.go:92.36,93.33 1 0
github.com/manciniraka/urbioxe/internal/service/staff_service.go:94.39,95.41 1 0
github.com/manciniraka/urbioxe/internal/service/staff_service.go:96.34,97.36 1 0
github.com/manciniraka/urbioxe/internal/service/staff_service.go:99.11,100.44 1 0
github.com/manciniraka/urbioxe/internal/service/staff_service.go:103.2,104.39 2 0
github.com/manciniraka/urbioxe/internal/service/staff_service.go:104.39,106.3 1 0
github.com/manciniraka/urbioxe/internal/service/staff_service.go:108.2,108.59 1 0
github.com/manciniraka/urbioxe/internal/service/staff_service.go:108.59,110.3 1 0
github.com/manciniraka/urbioxe/internal/service/staff_service.go:112.2,113.39 2 0
github.com/manciniraka/urbioxe/internal/service/staff_service.go:113.39,115.3 1 0
github.com/manciniraka/urbioxe/internal/service/staff_service.go:117.2,117.59 1 0
github.com/manciniraka/urbioxe/internal/service/staff_service.go:117.59,119.3 1 0
github.com/manciniraka/urbioxe/internal/service/staff_service.go:121.2,129.16 3 0
github.com/manciniraka/urbioxe/internal/service/staff_service.go:129.16,133.5 1 0
github.com/manciniraka/urbioxe/internal/service/staff_service.go:133.5,135.4 1 0
github.com/manciniraka/urbioxe/internal/service/staff_service.go:137.3,137.18 1 0
github.com/manciniraka/urbioxe/internal/service/staff_service.go:140.2,144.16 2 0
github.com/manciniraka/urbioxe/internal/service/staff_service.go:144.16,146.3 1 0
github.com/manciniraka/urbioxe/internal/service/staff_service.go:148.2,152.16 2 0
github.com/manciniraka/urbioxe/internal/service/staff_service.go:152.16,154.3 1 0
github.com/manciniraka/urbioxe/internal/service/staff_service.go:156.2,163.16 3 0
github.com/manciniraka/urbioxe/internal/service/staff_service.go:163.16,165.3 1 0
github.com/manciniraka/urbioxe/internal/service/staff_service.go:167.2,168.16 2 0
github.com/manciniraka/urbioxe/internal/service/staff_service.go:168.16,170.3 1 0
github.com/manciniraka/urbioxe/internal/service/staff_service.go:172.2,178.27 2 0
github.com/manciniraka/urbioxe/internal/service/staff_service.go:178.27,191.18 2 0
github.com/manciniraka/urbioxe/internal/service/staff_service.go:191.18,193.5 1 0
github.com/manciniraka/urbioxe/internal/service/staff_service.go:195.4,207.18 2 0
github.com/manciniraka/urbioxe/internal/service/staff_service.go:207.18,209.5 1 0
github.com/manciniraka/urbioxe/internal/service/staff_service.go:211.4,211.14 1 0
github.com/manciniraka/urbioxe/internal/service/staff_service.go:215.2,215.16 1 0
github.com/manciniraka/urbioxe/internal/service/staff_service.go:215.16,217.3 1 0
github.com/manciniraka/urbioxe/internal/service/staff_service.go:219.2,225.16 1 0
github.com/manciniraka/urbioxe/internal/service/staff_service.go:225.16,232.3 1 0
github.com/manciniraka/urbioxe/internal/service/staff_service.go:234.2,239.20 4 0
github.com/manciniraka/urbioxe/internal/service/staff_service.go:242.63,244.16 2 0
github.com/manciniraka/urbioxe/internal/service/staff_service.go:244.16,246.3 1 0
github.com/manciniraka/urbioxe/internal/service/staff_service.go:248.2,254.31 2 0
github.com/manciniraka/urbioxe/internal/service/staff_service.go:254.31,268.3 1 0
github.com/manciniraka/urbioxe/internal/service/staff_service.go:270.2,270.23 1 0
github.com/manciniraka/urbioxe/internal/service/staff_service.go:273.69,275.16 2 0
github.com/manciniraka/urbioxe/internal/service/staff_service.go:275.16,277.3 1 0
github.com/manciniraka/urbioxe/internal/service/staff_service.go:279.2,294.19 2 0
github.com/manciniraka/urbioxe/internal/service/staff_service.go:297.99,301.16 2 0
github.com/manciniraka/urbioxe/internal/service/staff_service.go:301.16,303.3 1 0
github.com/manciniraka/urbioxe/internal/service/staff_service.go:305.2,313.16 3 0
github.com/manciniraka/urbioxe/internal/service/staff_service.go:313.16,318.5 1 0
github.com/manciniraka/urbioxe/internal/service/staff_service.go:318.5,320.4 1 0
github.com/manciniraka/urbioxe/internal/service/staff_service.go:322.3,322.18 1 0
github.com/manciniraka/urbioxe/internal/service/staff_service.go:325.2,327.24 2 0
github.com/manciniraka/urbioxe/internal/service/staff_service.go:329.35,330.32 1 0
github.com/manciniraka/urbioxe/internal/service/staff_service.go:332.38,333.40 1 0
github.com/manciniraka/urbioxe/internal/service/staff_service.go:335.33,336.35 1 0
github.com/manciniraka/urbioxe/internal/service/staff_service.go:338.10,339.43 1 0
github.com/manciniraka/urbioxe/internal/service/staff_service.go:342.2,343.27 1 0
github.com/manciniraka/urbioxe/internal/service/staff_service.go:343.27,351.18 3 0
github.com/manciniraka/urbioxe/internal/service/staff_service.go:351.18,353.5 1 0
github.com/manciniraka/urbioxe/internal/service/staff_service.go:355.4,365.18 6 0
github.com/manciniraka/urbioxe/internal/service/staff_service.go:365.18,367.5 1 0
github.com/manciniraka/urbioxe/internal/service/staff_service.go:369.4,369.14 1 0
github.com/manciniraka/urbioxe/internal/service/staff_service.go:373.2,373.16 1 0
github.com/manciniraka/urbioxe/internal/service/staff_service.go:373.16,375.3 1 0
github.com/manciniraka/urbioxe/internal/service/staff_service.go:377.2,380.16 2 0
github.com/manciniraka/urbioxe/internal/service/staff_service.go:380.16,382.3 1 0
github.com/manciniraka/urbioxe/internal/service/staff_service.go:384.2,384.19 1 0
github.com/manciniraka/urbioxe/internal/service/user_service.go:22.15,26.2 1 0
github.com/manciniraka/urbioxe/internal/service/user_service.go:39.69,41.16 2 0
github.com/manciniraka/urbioxe/internal/service/user_service.go:41.16,43.3 1 0
github.com/manciniraka/urbioxe/internal/service/user_service.go:45.2,47.18 2 0
github.com/manciniraka/urbioxe/internal/service/user_service.go:50.98,52.16 2 0
github.com/manciniraka/urbioxe/internal/service/user_service.go:52.16,54.3 1 0
github.com/manciniraka/urbioxe/internal/service/user_service.go:63.2,68.16 5 0
github.com/manciniraka/urbioxe/internal/service/user_service.go:68.16,70.3 1 0
github.com/manciniraka/urbioxe/internal/service/user_service.go:72.2,74.18 2 0
github.com/manciniraka/urbioxe/internal/service/user_service.go:77.84,79.16 2 0
github.com/manciniraka/urbioxe/internal/service/user_service.go:79.16,81.3 1 0
github.com/manciniraka/urbioxe/internal/service/user_service.go:83.2,87.16 2 0
github.com/manciniraka/urbioxe/internal/service/user_service.go:87.16,89.3 1 0
github.com/manciniraka/urbioxe/internal/service/user_service.go:91.2,91.44 1 0
github.com/manciniraka/urbioxe/internal/service/user_service.go:91.44,93.3 1 0
github.com/manciniraka/urbioxe/internal/service/user_service.go:95.2,98.16 2 0
github.com/manciniraka/urbioxe/internal/service/user_service.go:98.16,100.3 1 0
github.com/manciniraka/urbioxe/internal/service/user_service.go:102.2,106.16 2 0
github.com/manciniraka/urbioxe/internal/service/user_service.go:106.16,108.3 1 0
github.com/manciniraka/urbioxe/internal/service/user_service.go:110.2,110.12 1 0
